Generation 1
.............
..X..........
...X.........
.XXX.........
.............
.............
.............

Generation 2
.............
.............
.X.X.........
..XX.........
..X..........
.............
.............

Generation 3
.............
.............
...X.........
.X.X.........
..XX.........
.............
.............

Generation 4
.............
.............
..X..........
...XX........
..XX.........
.............
.............

Generation 5
.............
.............
...X.........
....X........
..XXX........
.............
.............

Generation 6
.............
.............
.............
..X.X........
...XX........
...X.........
.............

Generation 7
.............
.............
.............
....X........
..X.X........
...XX........
.............

Generation 8
.............
.............
.............
...X.........
....XX.......
...XX........
.............

Generation 9
.............
.............
.............
....X........
.....X.......
...XXX.......
.............

Generation 10
.............
.............
.............
.............
...X.X.......
....XX.......
....X........

Generation 11
.............
.............
.............
.............
.....X.......
...X.X.......
....XX.......

Generation 12
.............
.............
.............
.............
....X........
.....XX......
....XX.......

Generation 13
.............
.............
.............
.............
.....X.......
......X......
....XXX......

Generation 14
.....X.......
.............
.............
.............
.............
....X.X......
.....XX......

Generation 15
.....XX......
.............
.............
.............
.............
......X......
....X.X......

Generation 16
.....XX......
.............
.............
.............
.............
.....X.......
......XX.....

Generation 17
.....XXX.....
.............
.............
.............
.............
......X......
.......X.....

Generation 18
......XX.....
......X......
.............
.............
.............
.............
.....X.X.....

Generation 19
.....X.X.....
......XX.....
.............
.............
.............
.............
.......X.....

Generation 20
.......XX....
......XX.....
.............
.............
.............
.............
......X......

Generation 21
........X....
......XXX....
.............
.............
.............
.............
.......X.....

Generation 22
......X.X....
.......XX....
.......X.....
.............
.............
.............
.............

Generation 23
........X....
......X.X....
.......XX....
.............
.............
.............
.............

Generation 24
.......X.....
........XX...
.......XX....
.............
.............
.............
.............

Generation 25
........X....
.........X...
.......XXX...
.............
.............
.............
.............

Generation 26
.............
.......X.X...
........XX...
........X....
.............
.............
.............

Generation 27
.............
.........X...
.......X.X...
........XX...
.............
.............
.............

Generation 28
.............
........X....
.........XX..
........XX...
.............
.............
.............

Generation 29
.............
.........X...
..........X..
........XXX..
.............
.............
.............

Generation 30
.............
.............
........X.X..
.........XX..
.........X...
.............
.............

Generation 31
.............
.............
..........X..
........X.X..
.........XX..
.............
.............

Generation 32
.............
.............
.........X...
..........XX.
.........XX..
.............
.............

Generation 33
.............
.............
..........X..
...........X.
.........XXX.
.............
.............

Generation 34
.............
.............
.............
.........X.X.
..........XX.
..........X..
.............

Generation 35
.............
.............
.............
...........X.
.........X.X.
..........XX.
.............

Generation 36
.............
.............
.............
..........X..
...........XX
..........XX.
.............

Generation 37
.............
.............
.............
...........X.
............X
..........XXX
.............

Generation 38
.............
.............
.............
.............
..........X.X
...........XX
...........X.

Generation 39
.............
.............
.............
.............
............X
..........X.X
...........XX

Generation 40
.............
.............
.............
.............
...........X.
X...........X
...........XX

Generation 41
.............
.............
.............
.............
............X
X............
X..........XX

Generation 42
............X
.............
.............
.............
.............
X..........X.
X...........X

Generation 43
X...........X
.............
.............
.............
.............
X............
X..........X.

Generation 44
X...........X
.............
.............
.............
.............
............X
XX...........

Generation 45
XX..........X
.............
.............
.............
.............
X............
.X...........

Generation 46
XX...........
X............
.............
.............
.............
.............
.X..........X

Generation 47
.X..........X
XX...........
.............
.............
.............
.............
.X...........

Generation 48
.XX..........
XX...........
.............
.............
.............
.............
X............

Generation 49
..X..........
XXX..........
.............
.............
.............
.............
.X...........

Generation 50
X.X..........
.XX..........
.X...........
.............
.............
.............
.............

Generation 51
..X..........
X.X..........
.XX..........
.............
.............
.............
.............

Generation 52
.X...........
..XX.........
.XX..........
.............
.............
.............
.............

Generation 53
..X..........
...X.........
.XXX.........
.............
.............
.............
.............

Generation 54
.............
.X.X.........
..XX.........
..X..........
.............
.............
.............

Generation 55
.............
...X.........
.X.X.........
..XX.........
.............
.............
.............

Generation 56
.............
..X..........
...XX........
..XX.........
.............
.............
.............

Generation 57
.............
...X.........
....X........
..XXX........
.............
.............
.............

Generation 58
.............
.............
..X.X........
...XX........
...X.........
.............
.............

Generation 59
.............
.............
....X........
..X.X........
...XX........
.............
.............

Generation 60
.............
.............
...X.........
....XX.......
...XX........
.............
.............

Generation 61
.............
.............
....X........
.....X.......
...XXX.......
.............
.............

Generation 62
.............
.............
.............
...X.X.......
....XX.......
....X........
.............

Generation 63
.............
.............
.............
.....X.......
...X.X.......
....XX.......
.............

Generation 64
.............
.............
.............
....X........
.....XX......
....XX.......
.............

Generation 65
.............
.............
.............
.....X.......
......X......
....XXX......
.............

Generation 66
.............
.............
.............
.............
....X.X......
.....XX......
.....X.......

Generation 67
.............
.............
.............
.............
......X......
....X.X......
.....XX......

Generation 68
.............
.............
.............
.............
.....X.......
......XX.....
.....XX......

Generation 69
.............
.............
.............
.............
......X......
.......X.....
.....XXX.....

Generation 70
......X......
.............
.............
.............
.............
.....X.X.....
......XX.....

Generation 71
......XX.....
.............
.............
.............
.............
.......X.....
.....X.X.....

Generation 72
......XX.....
.............
.............
.............
.............
......X......
.......XX....

Generation 73
......XXX....
.............
.............
.............
.............
.......X.....
........X....

Generation 74
.......XX....
.......X.....
.............
.............
.............
.............
......X.X....

Generation 75
......X.X....
.......XX....
.............
.............
.............
.............
........X....

Generation 76
........XX...
.......XX....
.............
.............
.............
.............
.......X.....

Generation 77
.........X...
.......XXX...
.............
.............
.............
.............
........X....

Generation 78
.......X.X...
........XX...
........X....
.............
.............
.............
.............

Generation 79
.........X...
.......X.X...
........XX...
.............
.............
.............
.............

Generation 80
........X....
.........XX..
........XX...
.............
.............
.............
.............

Generation 81
.........X...
..........X..
........XXX..
.............
.............
.............
.............

Generation 82
.............
........X.X..
.........XX..
.........X...
.............
.............
.............

Generation 83
.............
..........X..
........X.X..
.........XX..
.............
.............
.............

Generation 84
.............
.........X...
..........XX.
.........XX..
.............
.............
.............

Generation 85
.............
..........X..
...........X.
.........XXX.
.............
.............
.............

Generation 86
.............
.............
.........X.X.
..........XX.
..........X..
.............
.............

Generation 87
.............
.............
...........X.
.........X.X.
..........XX.
.............
.............

Generation 88
.............
.............
..........X..
...........XX
..........XX.
.............
.............

Generation 89
.............
.............
...........X.
............X
..........XXX
.............
.............

Generation 90
.............
.............
.............
..........X.X
...........XX
...........X.
.............

Generation 91
.............
.............
.............
............X
..........X.X
...........XX
.............

Generation 92
.............
.............
.............
...........X.
X...........X
...........XX
.............

Generation 93
.............
.............
.............
............X
X............
X..........XX
.............

Generation 94
.............
.............
.............
.............
X..........X.
X...........X
............X

Generation 95
.............
.............
.............
.............
X............
X..........X.
X...........X

Generation 96
.............
.............
.............
.............
............X
XX...........
X...........X

Generation 97
.............
.............
.............
.............
X............
.X...........
XX..........X

Generation 98
X............
.............
.............
.............
.............
.X..........X
XX...........

Generation 99
XX...........
.............
.............
.............
.............
.X...........
.X..........X

Generation 100
XX...........
.............
.............
.............
.............
X............
.XX..........

Generation 101
XXX..........
.............
.............
.............
.............
.X...........
..X..........

Generation 102
.XX..........
.X...........
.............
.............
.............
.............
X.X..........

Generation 103
X.X..........
.XX..........
.............
.............
.............
.............
..X..........

Generation 104
..XX.........
.XX..........
.............
.............
.............
.............
.X...........

Generation 105
...X.........
.XXX.........
.............
.............
.............
.............
..X..........

Generation 106
.X.X.........
..XX.........
..X..........
.............
.............
.............
.............

Generation 107
...X.........
.X.X.........
..XX.........
.............
.............
.............
.............

Generation 108
..X..........
...XX........
..XX.........
.............
.............
.............
.............

Generation 109
...X.........
....X........
..XXX........
.............
.............
.............
.............

Generation 110
.............
..X.X........
...XX........
...X.........
.............
.............
.............

Generation 111
.............
....X........
..X.X........
...XX........
.............
.............
.............

Generation 112
.............
...X.........
....XX.......
...XX........
.............
.............
.............

Generation 113
.............
....X........
.....X.......
...XXX.......
.............
.............
.............

Generation 114
.............
.............
...X.X.......
....XX.......
....X........
.............
.............

Generation 115
.............
.............
.....X.......
...X.X.......
....XX.......
.............
.............

Generation 116
.............
.............
....X........
.....XX......
....XX.......
.............
.............

Generation 117
.............
.............
.....X.......
......X......
....XXX......
.............
.............

Generation 118
.............
.............
.............
....X.X......
.....XX......
.....X.......
.............

Generation 119
.............
.............
.............
......X......
....X.X......
.....XX......
.............

Generation 120
.............
.............
.............
.....X.......
......XX.....
.....XX......
.............

Generation 121
.............
.............
.............
......X......
.......X.....
.....XXX.....
.............

Generation 122
.............
.............
.............
.............
.....X.X.....
......XX.....
......X......

Generation 123
.............
.............
.............
.............
.......X.....
.....X.X.....
......XX.....

Generation 124
.............
.............
.............
.............
......X......
.......XX....
......XX.....

Generation 125
.............
.............
.............
.............
.......X.....
........X....
......XXX....

Generation 126
.......X.....
.............
.............
.............
.............
......X.X....
.......XX....

Generation 127
.......XX....
.............
.............
.............
.............
........X....
......X.X....

Generation 128
.......XX....
.............
.............
.............
.............
.......X.....
........XX...

Generation 129
.......XXX...
.............
.............
.............
.............
........X....
.........X...

Generation 130
........XX...
........X....
.............
.............
.............
.............
.......X.X...

Generation 131
.......X.X...
........XX...
.............
.............
.............
.............
.........X...

Generation 132
.........XX..
........XX...
.............
.............
.............
.............
........X....

Generation 133
..........X..
........XXX..
.............
.............
.............
.............
.........X...

Generation 134
........X.X..
.........XX..
.........X...
.............
.............
.............
.............

Generation 135
..........X..
........X.X..
.........XX..
.............
.............
.............
.............

Generation 136
.........X...
..........XX.
.........XX..
.............
.............
.............
.............

Generation 137
..........X..
...........X.
.........XXX.
.............
.............
.............
.............

Generation 138
.............
.........X.X.
..........XX.
..........X..
.............
.............
.............

Generation 139
.............
...........X.
.........X.X.
..........XX.
.............
.............
.............

Generation 140
.............
..........X..
...........XX
..........XX.
.............
.............
.............

Generation 141
.............
...........X.
............X
..........XXX
.............
.............
.............

Generation 142
.............
.............
..........X.X
...........XX
...........X.
.............
.............

Generation 143
.............
.............
............X
..........X.X
...........XX
.............
.............

Generation 144
.............
.............
...........X.
X...........X
...........XX
.............
.............

Generation 145
.............
.............
............X
X............
X..........XX
.............
.............

Generation 146
.............
.............
.............
X..........X.
X...........X
............X
.............

Generation 147
.............
.............
.............
X............
X..........X.
X...........X
.............

Generation 148
.............
.............
.............
............X
XX...........
X...........X
.............

Generation 149
.............
.............
.............
X............
.X...........
XX..........X
.............

Generation 150
.............
.............
.............
.............
.X..........X
XX...........
X............

Generation 151
.............
.............
.............
.............
.X...........
.X..........X
XX...........

Generation 152
.............
.............
.............
.............
X............
.XX..........
XX...........

Generation 153
.............
.............
.............
.............
.X...........
..X..........
XXX..........

Generation 154
.X...........
.............
.............
.............
.............
X.X..........
.XX..........

Generation 155
.XX..........
.............
.............
.............
.............
..X..........
X.X..........

Generation 156
.XX..........
.............
.............
.............
.............
.X...........
..XX.........

Generation 157
.XXX.........
.............
.............
.............
.............
..X..........
...X.........

Generation 158
..XX.........
..X..........
.............
.............
.............
.............
.X.X.........

Generation 159
.X.X.........
..XX.........
.............
.............
.............
.............
...X.........

Generation 160
...XX........
..XX.........
.............
.............
.............
.............
..X..........

Generation 161
....X........
..XXX........
.............
.............
.............
.............
...X.........

Generation 162
..X.X........
...XX........
...X.........
.............
.............
.............
.............

Generation 163
....X........
..X.X........
...XX........
.............
.............
.............
.............

Generation 164
...X.........
....XX.......
...XX........
.............
.............
.............
.............

Generation 165
....X........
.....X.......
...XXX.......
.............
.............
.............
.............

Generation 166
.............
...X.X.......
....XX.......
....X........
.............
.............
.............

Generation 167
.............
.....X.......
...X.X.......
....XX.......
.............
.............
.............

Generation 168
.............
....X........
.....XX......
....XX.......
.............
.............
.............

Generation 169
.............
.....X.......
......X......
....XXX......
.............
.............
.............

Generation 170
.............
.............
....X.X......
.....XX......
.....X.......
.............
.............

Generation 171
.............
.............
......X......
....X.X......
.....XX......
.............
.............

Generation 172
.............
.............
.....X.......
......XX.....
.....XX......
.............
.............

Generation 173
.............
.............
......X......
.......X.....
.....XXX.....
.............
.............

Generation 174
.............
.............
.............
.....X.X.....
......XX.....
......X......
.............

Generation 175
.............
.............
.............
.......X.....
.....X.X.....
......XX.....
.............

Generation 176
.............
.............
.............
......X......
.......XX....
......XX.....
.............

Generation 177
.............
.............
.............
.......X.....
........X....
......XXX....
.............

Generation 178
.............
.............
.............
.............
......X.X....
.......XX....
.......X.....

Generation 179
.............
.............
.............
.............
........X....
......X.X....
.......XX....

Generation 180
.............
.............
.............
.............
.......X.....
........XX...
.......XX....

Generation 181
.............
.............
.............
.............
........X....
.........X...
.......XXX...

Generation 182
........X....
.............
.............
.............
.............
.......X.X...
........XX...

Generation 183
........XX...
.............
.............
.............
.............
.........X...
.......X.X...

Generation 184
........XX...
.............
.............
.............
.............
........X....
.........XX..

Generation 185
........XXX..
.............
.............
.............
.............
.........X...
..........X..

Generation 186
.........XX..
.........X...
.............
.............
.............
.............
........X.X..

Generation 187
........X.X..
.........XX..
.............
.............
.............
.............
..........X..

Generation 188
..........XX.
.........XX..
.............
.............
.............
.............
.........X...

Generation 189
...........X.
.........XXX.
.............
.............
.............
.............
..........X..

Generation 190
.........X.X.
..........XX.
..........X..
.............
.............
.............
.............

Generation 191
...........X.
.........X.X.
..........XX.
.............
.............
.............
.............

Generation 192
..........X..
...........XX
..........XX.
.............
.............
.............
.............

Generation 193
...........X.
............X
..........XXX
.............
.............
.............
.............

Generation 194
.............
..........X.X
...........XX
...........X.
.............
.............
.............

Generation 195
.............
............X
..........X.X
...........XX
.............
.............
.............

Generation 196
.............
...........X.
X...........X
...........XX
.............
.............
.............

Generation 197
.............
............X
X............
X..........XX
.............
.............
.............

Generation 198
.............
.............
X..........X.
X...........X
............X
.............
.............

Generation 199
.............
.............
X............
X..........X.
X...........X
.............
.............

Generation 200
.............
.............
............X
XX...........
X...........X
.............
.............

