Generation 1
...........
..X..X.....
......X....
..X...X....
...XXXX....
...........
...........

Generation 2
...........
...........
.....XX....
...XX.XX...
...XXXX....
....XX.....
...........

Generation 3
...........
...........
....XXXX...
...X...X...
.......X...
...X..X....
...........

Generation 4
...........
.....XX....
....XXXX...
....XX.XX..
......XX...
...........
...........

Generation 5
...........
....X..X...
........X..
....X...X..
.....XXXX..
...........
...........

Generation 6
...........
...........
.......XX..
.....XX.XX.
.....XXXX..
......XX...
...........

Generation 7
...........
...........
......XXXX.
.....X...X.
.........X.
.....X..X..
...........

Generation 8
...........
.......XX..
......XXXX.
......XX.XX
........XX.
...........
...........

Generation 9
...........
......X..X.
..........X
......X...X
.......XXXX
...........
...........

Generation 10
...........
...........
.........XX
X......XX.X
.......XXXX
........XX.
...........

Generation 11
...........
...........
X.......XXX
X......X...
X..........
.......X..X
...........

Generation 12
...........
.........XX
X.......XXX
XX......XX.
X.........X
...........
...........

Generation 13
...........
X.......X..
.X.........
.X......X..
XX.......XX
...........
...........

Generation 14
...........
...........
XX.........
.XX......XX
XX.......XX
X.........X
...........

Generation 15
...........
...........
XXX.......X
..X......X.
..X........
.X.......X.
...........

Generation 16
...........
XX.........
XXX.......X
X.XX......X
.XX........
...........
...........

Generation 17
...........
..X.......X
...X.......
...X......X
XXXX.......
...........
...........

Generation 18
...........
...........
..XX.......
XX.XX......
XXXX.......
.XX........
...........

Generation 19
...........
...........
.XXXX......
X...X......
....X......
X..X.......
...........

Generation 20
...........
..XX.......
.XXXX......
.XX.XX.....
...XX......
...........
...........

Generation 21
...........
.X..X......
.....X.....
.X...X.....
..XXXX.....
...........
...........

Generation 22
...........
...........
....XX.....
..XX.XX....
..XXXX.....
...XX......
...........

Generation 23
...........
...........
...XXXX....
..X...X....
......X....
..X..X.....
...........

Generation 24
...........
....XX.....
...XXXX....
...XX.XX...
.....XX....
...........
...........

Generation 25
...........
...X..X....
.......X...
...X...X...
....XXXX...
...........
...........

Generation 26
...........
...........
......XX...
....XX.XX..
....XXXX...
.....XX....
...........

Generation 27
...........
...........
.....XXXX..
....X...X..
........X..
....X..X...
...........

Generation 28
...........
......XX...
.....XXXX..
.....XX.XX.
.......XX..
...........
...........

Generation 29
...........
.....X..X..
.........X.
.....X...X.
......XXXX.
...........
...........

Generation 30
...........
...........
........XX.
......XX.XX
......XXXX.
.......XX..
...........

Generation 31
...........
...........
.......XXXX
......X...X
..........X
......X..X.
...........

Generation 32
...........
........XX.
.......XXXX
X......XX.X
.........XX
...........
...........

Generation 33
...........
.......X..X
X..........
X......X...
X.......XXX
...........
...........

Generation 34
...........
...........
X.........X
XX......XX.
X.......XXX
.........XX
...........

Generation 35
...........
...........
XX.......XX
.X......X..
.X.........
X.......X..
...........

Generation 36
...........
X.........X
XX.......XX
.XX......XX
XX.........
...........
...........

Generation 37
...........
.X.......X.
..X........
..X......X.
XXX.......X
...........
...........

Generation 38
...........
...........
.XX........
X.XX......X
XXX.......X
XX.........
...........

Generation 39
...........
...........
XXXX.......
...X......X
...X.......
..X.......X
...........

Generation 40
...........
.XX........
XXXX.......
XX.XX......
..XX.......
...........
...........

Generation 41
...........
X..X.......
....X......
X...X......
.XXXX......
...........
...........

Generation 42
...........
...........
...XX......
.XX.XX.....
.XXXX......
..XX.......
...........

Generation 43
...........
...........
..XXXX.....
.X...X.....
.....X.....
.X..X......
...........

Generation 44
...........
...XX......
..XXXX.....
..XX.XX....
....XX.....
...........
...........

Generation 45
...........
..X..X.....
......X....
..X...X....
...XXXX....
...........
...........

Generation 46
...........
...........
.....XX....
...XX.XX...
...XXXX....
....XX.....
...........

Generation 47
...........
...........
....XXXX...
...X...X...
.......X...
...X..X....
...........

Generation 48
...........
.....XX....
....XXXX...
....XX.XX..
......XX...
...........
...........

Generation 49
...........
....X..X...
........X..
....X...X..
.....XXXX..
...........
...........

Generation 50
...........
...........
.......XX..
.....XX.XX.
.....XXXX..
......XX...
...........

