Generation 1
................
..X.........X...
..X...XXX...X...
..X.........X...
................
................
.XXX........XXX.
..XXX......XXX..
................
................
................
..XX........XX..
..XX........XX..
....XX....XX....
....XX....XX....
................

Generation 2
................
.......X........
.XXX...X...XXX..
.......X........
................
..X..........X..
.X..X......X..X.
.X..X......X..X.
...X........X...
................
................
..XX........XX..
..X..........X..
.....X....X.....
....XX....XX....
................

Generation 3
................
..X.........X...
..X...XXX...X...
..X.........X...
................
................
.XXX........XXX.
..XXX......XXX..
................
................
................
..XX........XX..
..XX........XX..
....XX....XX....
....XX....XX....
................

Generation 4
................
.......X........
.XXX...X...XXX..
.......X........
................
..X..........X..
.X..X......X..X.
.X..X......X..X.
...X........X...
................
................
..XX........XX..
..X..........X..
.....X....X.....
....XX....XX....
................

Generation 5
................
..X.........X...
..X...XXX...X...
..X.........X...
................
................
.XXX........XXX.
..XXX......XXX..
................
................
................
..XX........XX..
..XX........XX..
....XX....XX....
....XX....XX....
................

Generation 6
................
.......X........
.XXX...X...XXX..
.......X........
................
..X..........X..
.X..X......X..X.
.X..X......X..X.
...X........X...
................
................
..XX........XX..
..X..........X..
.....X....X.....
....XX....XX....
................

Generation 7
................
..X.........X...
..X...XXX...X...
..X.........X...
................
................
.XXX........XXX.
..XXX......XXX..
................
................
................
..XX........XX..
..XX........XX..
....XX....XX....
....XX....XX....
................

Generation 8
................
.......X........
.XXX...X...XXX..
.......X........
................
..X..........X..
.X..X......X..X.
.X..X......X..X.
...X........X...
................
................
..XX........XX..
..X..........X..
.....X....X.....
....XX....XX....
................

Generation 9
................
..X.........X...
..X...XXX...X...
..X.........X...
................
................
.XXX........XXX.
..XXX......XXX..
................
................
................
..XX........XX..
..XX........XX..
....XX....XX....
....XX....XX....
................

Generation 10
................
.......X........
.XXX...X...XXX..
.......X........
................
..X..........X..
.X..X......X..X.
.X..X......X..X.
...X........X...
................
................
..XX........XX..
..X..........X..
.....X....X.....
....XX....XX....
................

