Generation 1
............
............
............
.....XX.....
....XX......
.....X......
............
............
............

Generation 2
............
............
............
....XXX.....
....X.......
....XX......
............
............
............

Generation 3
............
............
.....X......
....XX......
...X..X.....
....XX......
............
............
............

Generation 4
............
............
....XX......
....XXX.....
...X..X.....
....XX......
............
............
............

Generation 5
............
............
....X.X.....
...X..X.....
...X..X.....
....XX......
............
............
............

Generation 6
............
............
.....X......
...XX.XX....
...X..X.....
....XX......
............
............
............

Generation 7
............
............
....XXX.....
...XX.XX....
...X..XX....
....XX......
............
............
............

Generation 8
............
.....X......
...XX.XX....
...X........
...X...X....
....XXX.....
............
............
............

Generation 9
............
....XXX.....
...XXXX.....
..XX..XX....
...X.XX.....
....XXX.....
.....X......
............
............

Generation 10
.....X......
...X..X.....
..X.........
..X....X....
..XX........
............
....XXX.....
............
............

Generation 11
............
............
..XX........
.XX.........
..XX........
...XXX......
.....X......
.....X......
............

Generation 12
............
............
.XXX........
.X..........
.X..........
..XX.X......
.....XX.....
............
............

Generation 13
............
..X.........
.XX.........
XX..........
.X..........
..X.XXX.....
....XXX.....
............
............

Generation 14
............
.XX.........
X.X.........
X...........
XXX..X......
...XX.X.....
...XX.X.....
.....X......
............

Generation 15
............
.XX.........
X.X.........
X.X........X
XXXXXX......
.X....X.....
...X..X.....
....XX......
............

Generation 16
............
.XX.........
X.XX.......X
....X......X
...XXX.....X
XX....X.....
....X.X.....
....XX......
............

Generation 17
............
XXXX........
X.XX.......X
..X..X....XX
...XXX.....X
X..X..X.....
....X.X.....
....XX......
............

Generation 18
.XX.........
X..X.......X
....X.....X.
.XX..X....X.
X.XX.XX...XX
...X..X.....
...XX.X.....
....XX......
............

Generation 19
XXX.........
XXXX.......X
XXXXX.....X.
XXX..XX..XX.
X..X.XX...XX
......XX...X
...X..X.....
...XXX......
............

Generation 20
...X.......X
....X.......
....XX...XX.
......X..X..
..X.X....X..
X...X..X..XX
...X..XX....
...XXX......
.XXXX.......

Generation 21
............
...XXX....X.
....XX...XX.
...XX...XX..
...X.X..XX.X
....XXXXX.XX
...X..XX...X
.....XX.....
.....X......

Generation 22
.....X......
...X.X...XX.
........X.X.
...X........
...X.......X
X..X.......X
........X.XX
....XX.X....
.....XX.....

Generation 23
.....X......
....X....XX.
....X.....X.
............
X.XXX......X
X...........
X...X.....XX
....XX.X....
............

Generation 24
............
....XX...XX.
.........XX.
....X......X
XX.X.......X
....X.....X.
X...XX.....X
....XX.....X
....XXX.....

Generation 25
......X.....
.........XX.
....XX...X.X
...........X
X..XX.....XX
.X.XXX....X.
X..X......XX
X..X.......X
....X.X.....

Generation 26
.....X......
.....X...XX.
.........X.X
...X.X......
X.XX.X....X.
.X...X...X..
.X.X......X.
X..XX.....X.
.....X......

Generation 27
....XXX.....
.........XX.
....X....X..
..XX......XX
.XXX.XX.....
XX.X.....XXX
XX.X.....XXX
..XXX......X
.....X......

Generation 28
....XXX.....
....X....XX.
...X.....X.X
.X...X....X.
.........X..
...X.....X..
.........X..
.XXXX......X
......X.....

Generation 29
....X.X.....
...XX....XX.
....X....X.X
.........XX.
.........XX.
........XXX.
....X.....X.
..XX........
..X...X.....

Generation 30
....X.......
...XX....XX.
...XX...X..X
........X..X
...........X
........X..X
...X......X.
..XX........
..X..X......

Generation 31
....XX......
.....X...XX.
...XX...X..X
X.........XX
X.........XX
..........XX
..XX........
..XXX.......
..X.X.......

Generation 32
...XXX......
...X.X...XX.
X...X.......
.........X..
.........X..
X.........X.
..X.X.......
.X..X.......
..X.........

Generation 33
..XX.X......
...X.X......
....X....XX.
............
.........XX.
............
.X.X........
.XX.........
..X..X......

Generation 34
..XX.XX.....
..XX.X......
....X.......
............
............
............
.X..........
.X.X........
....X.......

Generation 35
..X..XX.....
..X..XX.....
...XX.......
............
............
............
..X.........
..X.........
....XX......

Generation 36
...X........
..X...X.....
...XXX......
............
............
............
............
...X........
...XXXX.....

Generation 37
..XX..X.....
..X..X......
...XXX......
....X.......
............
............
............
...X.X......
..XX.X......

Generation 38
.X...XX.....
..X..XX.....
...X.X......
...XXX......
............
............
............
..XX........
.....XX.....

Generation 39
....X..X....
..X.........
..XX........
...X.X......
....X.......
............
............
............
..X.XXX.....

Generation 40
....X.X.....
..X.........
..XXX.......
..XX........
....X.......
............
............
.....X......
...XXXX.....

Generation 41
....X.X.....
..X.XX......
.X..X.......
..X.........
...X........
............
............
.....XX.....
...X..X.....

Generation 42
....X.X.....
....X.......
.XX.XX......
..XX........
............
............
............
.....XX.....
....X.XX....

Generation 43
...XX.XX....
....X.......
.XX.XX......
.XXXX.......
............
............
............
.....XXX....
....X..X....

Generation 44
...XX.XX....
..X...X.....
.X...X......
.X..XX......
..XX........
............
......X.....
.....XXX....
...XX...X...

Generation 45
..X.X.XX....
..XXX.XX....
.XX.XXX.....
.X.XXX......
..XXX.......
............
.....XXX....
....XXXX....
...X....X...

Generation 46
..X.X.X.X...
............
.X.....X....
.X....X.....
..X..X......
...XXXX.....
....X..X....
....X...X...
...X....X...

Generation 47
...X...X....
.......X....
............
.XX...X.....
..XX........
...X..X.....
......XX....
...XX..XX...
...XXX..XX..

Generation 48
...X..XX....
............
............
.XXX........
.X.X........
..XX..XX....
...XXXX.X...
...X.....X..
..X..XX..X..

Generation 49
.....XXX....
............
..X.........
.X.X........
.X..X.......
......XX....
.....XX.X...
..XX...XXX..
..XXXXXXX...

Generation 50
...X....X...
......X.....
..X.........
.X.X........
..X.........
......XX....
.....X...X..
..X......X..
..X......X..

Generation 51
............
............
..X.........
.X.X........
..X.........
......X.....
......X.X...
........XXX.
..XX....XX..

Generation 52
............
............
..X.........
.X.X........
..X.........
.......X....
........X...
..........X.
........X.X.

Generation 53
............
............
..X.........
.X.X........
..X.........
............
............
............
.........X..

Generation 54
............
............
..X.........
.X.X........
..X.........
............
............
............
............

